// Jest Snapshot v1, https://goo.gl/fbAQLP

exports[`OrganizationSettingsNavigation renders 1`] = `
<OrganizationSettingsNavigation>
  <SettingsNavigation
    access={
      Set {
        "org:read",
        "org:write",
        "org:admin",
        "project:read",
        "project:write",
        "project:admin",
        "team:read",
        "team:write",
        "team:admin",
      }
    }
    features={Set {}}
    hookConfigs={Array []}
    hooks={Array []}
    navigationObjects={
      Array [
        Object {
          "items": Array [
            Object {
              "description": "Configure general settings for an organization",
              "index": true,
              "path": "/settings/:orgId/",
              "show": [Function],
              "title": "General Settings",
            },
            Object {
              "description": "View and manage an organization's projects",
              "path": "/settings/:orgId/projects/",
              "title": "Projects",
            },
            Object {
              "description": "Manage an organization's teams",
              "path": "/settings/:orgId/teams/",
              "title": "Teams",
            },
            Object {
              "badge": [Function],
              "description": "Manage user membership for an organization",
              "path": "/settings/:orgId/members/",
              "show": [Function],
              "title": "Members",
            },
            Object {
              "description": "Configure single sign-on",
              "path": "/settings/:orgId/auth/",
              "show": [Function],
              "title": "Auth",
            },
            Object {
              "path": "/settings/:orgId/api-keys/",
              "show": [Function],
              "title": "API Keys",
            },
            Object {
              "description": "View the audit log for an organization",
              "path": "/settings/:orgId/audit-log/",
              "show": [Function],
              "title": "Audit Log",
            },
            Object {
              "description": "Configure rate limits for all projects in the organization",
              "path": "/settings/:orgId/rate-limits/",
              "show": [Function],
              "title": "Rate Limits",
            },
            Object {
              "description": "Manage repositories connected to the organization",
              "path": "/settings/:orgId/repos/",
              "show": [Function],
              "title": "Repositories",
            },
            Object {
              "description": "Manage integrations for an organization",
              "path": "/settings/:orgId/integrations/",
              "show": [Function],
              "title": "Integrations",
            },
          ],
          "name": "Organization",
        },
      ]
    }
    organization={
      Object {
        "access": Array [
          "org:read",
          "org:write",
          "org:admin",
          "project:read",
          "project:write",
          "project:admin",
          "team:read",
          "team:write",
          "team:admin",
        ],
        "features": Array [],
        "id": "3",
        "name": "Organization Name",
        "onboardingTasks": Array [],
        "projects": Array [],
        "scrapeJavaScript": true,
        "slug": "org-slug",
        "status": Object {
          "id": "active",
          "name": "active",
        },
        "teams": Array [],
      }
    }
  >
    <Box>
      <Base
        className="css-roynbj"
      >
        <div
          className="css-roynbj"
          is={null}
        >
          <NavigationGroup
            access={
              Set {
                "org:read",
                "org:write",
                "org:admin",
                "project:read",
                "project:write",
                "project:admin",
                "team:read",
                "team:write",
                "team:admin",
              }
            }
            features={Set {}}
            items={
              Array [
                Object {
                  "description": "Configure general settings for an organization",
                  "index": true,
                  "path": "/settings/:orgId/",
                  "show": [Function],
                  "title": "General Settings",
                },
                Object {
                  "description": "View and manage an organization's projects",
                  "path": "/settings/:orgId/projects/",
                  "title": "Projects",
                },
                Object {
                  "description": "Manage an organization's teams",
                  "path": "/settings/:orgId/teams/",
                  "title": "Teams",
                },
                Object {
                  "badge": [Function],
                  "description": "Manage user membership for an organization",
                  "path": "/settings/:orgId/members/",
                  "show": [Function],
                  "title": "Members",
                },
                Object {
                  "description": "Configure single sign-on",
                  "path": "/settings/:orgId/auth/",
                  "show": [Function],
                  "title": "Auth",
                },
                Object {
                  "path": "/settings/:orgId/api-keys/",
                  "show": [Function],
                  "title": "API Keys",
                },
                Object {
                  "description": "View the audit log for an organization",
                  "path": "/settings/:orgId/audit-log/",
                  "show": [Function],
                  "title": "Audit Log",
                },
                Object {
                  "description": "Configure rate limits for all projects in the organization",
                  "path": "/settings/:orgId/rate-limits/",
                  "show": [Function],
                  "title": "Rate Limits",
                },
                Object {
                  "description": "Manage repositories connected to the organization",
                  "path": "/settings/:orgId/repos/",
                  "show": [Function],
                  "title": "Repositories",
                },
                Object {
                  "description": "Manage integrations for an organization",
                  "path": "/settings/:orgId/integrations/",
                  "show": [Function],
                  "title": "Integrations",
                },
              ]
            }
            key="Organization"
            name="Organization"
            organization={
              Object {
                "access": Array [
                  "org:read",
                  "org:write",
                  "org:admin",
                  "project:read",
                  "project:write",
                  "project:admin",
                  "team:read",
                  "team:write",
                  "team:admin",
                ],
                "features": Array [],
                "id": "3",
                "name": "Organization Name",
                "onboardingTasks": Array [],
                "projects": Array [],
                "scrapeJavaScript": true,
                "slug": "org-slug",
                "status": Object {
                  "id": "active",
                  "name": "active",
                },
                "teams": Array [],
              }
            }
          >
            <NavSection>
              <div
                className="css-1469a6g-NavSection e1xswuu60"
              >
                <SettingsHeading>
                  <div
                    className="css-1m0kl5v-SettingsHeading e1xswuu61"
                  >
                    Organization
                  </div>
                </SettingsHeading>
                <SettingsNavItem
                  badge={null}
                  index={true}
                  key="General Settings"
                  label="General Settings"
                  to="/settings/org-slug/"
                >
                  <StyledNavItem
                    activeClassName="active"
                    onlyActiveOnIndex={true}
                    to="/settings/org-slug/"
                  >
                    <Link
                      activeClassName="active"
                      className="css-1heox1l-StyledNavItem e1r0ei0g0"
                      onlyActiveOnIndex={true}
                      style={Object {}}
                      to="/settings/org-slug/"
                    >
                      <a
                        className="css-1heox1l-StyledNavItem e1r0ei0g0"
                        onClick={[Function]}
                        style={Object {}}
                      >
                        General Settings
                         
                      </a>
                    </Link>
                  </StyledNavItem>
                </SettingsNavItem>
                <SettingsNavItem
                  badge={null}
                  key="Projects"
                  label="Projects"
                  to="/settings/org-slug/projects/"
                >
                  <StyledNavItem
                    activeClassName="active"
                    to="/settings/org-slug/projects/"
                  >
                    <Link
                      activeClassName="active"
                      className="css-1heox1l-StyledNavItem e1r0ei0g0"
                      onlyActiveOnIndex={false}
                      style={Object {}}
                      to="/settings/org-slug/projects/"
                    >
                      <a
                        className="css-1heox1l-StyledNavItem e1r0ei0g0"
                        onClick={[Function]}
                        style={Object {}}
                      >
                        Projects
                         
                      </a>
                    </Link>
                  </StyledNavItem>
                </SettingsNavItem>
                <SettingsNavItem
                  badge={null}
                  key="Teams"
                  label="Teams"
                  to="/settings/org-slug/teams/"
                >
                  <StyledNavItem
                    activeClassName="active"
                    to="/settings/org-slug/teams/"
                  >
                    <Link
                      activeClassName="active"
                      className="css-1heox1l-StyledNavItem e1r0ei0g0"
                      onlyActiveOnIndex={false}
                      style={Object {}}
                      to="/settings/org-slug/teams/"
                    >
                      <a
                        className="css-1heox1l-StyledNavItem e1r0ei0g0"
                        onClick={[Function]}
                        style={Object {}}
                      >
                        Teams
                         
                      </a>
                    </Link>
                  </StyledNavItem>
                </SettingsNavItem>
                <SettingsNavItem
                  badge={null}
                  key="Audit Log"
                  label="Audit Log"
                  to="/settings/org-slug/audit-log/"
                >
                  <StyledNavItem
                    activeClassName="active"
                    to="/settings/org-slug/audit-log/"
                  >
                    <Link
                      activeClassName="active"
                      className="css-1heox1l-StyledNavItem e1r0ei0g0"
                      onlyActiveOnIndex={false}
                      style={Object {}}
                      to="/settings/org-slug/audit-log/"
                    >
                      <a
                        className="css-1heox1l-StyledNavItem e1r0ei0g0"
                        onClick={[Function]}
                        style={Object {}}
                      >
                        Audit Log
                         
                      </a>
                    </Link>
                  </StyledNavItem>
                </SettingsNavItem>
                <SettingsNavItem
                  badge={null}
                  key="Repositories"
                  label="Repositories"
                  to="/settings/org-slug/repos/"
                >
                  <StyledNavItem
                    activeClassName="active"
                    to="/settings/org-slug/repos/"
                  >
                    <Link
                      activeClassName="active"
                      className="css-1heox1l-StyledNavItem e1r0ei0g0"
                      onlyActiveOnIndex={false}
                      style={Object {}}
                      to="/settings/org-slug/repos/"
                    >
                      <a
                        className="css-1heox1l-StyledNavItem e1r0ei0g0"
                        onClick={[Function]}
                        style={Object {}}
                      >
                        Repositories
                         
                      </a>
                    </Link>
                  </StyledNavItem>
                </SettingsNavItem>
              </div>
            </NavSection>
          </NavigationGroup>
        </div>
      </Base>
    </Box>
  </SettingsNavigation>
</OrganizationSettingsNavigation>
`;
